// Jest Snapshot v1, https://goo.gl/fbAQLP

exports[`renders homepage unchanged 1`] = `
<div>
  <div
    class="container"
  >
    <div>
      <div>
        Count:
        0
      </div>
      <button>
        Add
      </button>
    </div>
  </div>
</div>
`;
